Program Version,EnergyPlus, Version 25.2.0-279bfbfd8f, YMD=2025.11.03 12:33,
   ** Warning ** Weather file location will be used rather than entered (IDF) Location object.
   **   ~~~   ** ..Location object=DENVER CENTENNIAL  GOLDEN   N_CO_USA DESIGN_CONDITIONS
   **   ~~~   ** ..Weather File Location=Chicago Ohare Intl Ap IL USA TMY3 WMO#=725300
   **   ~~~   ** ..due to location differences, Latitude difference=[2.24] degrees, Longitude difference=[17.26] degrees.
   **   ~~~   ** ..Time Zone difference=[1.0] hour(s), Elevation difference=[89.01] percent, [1628.00] meters.
   ** Warning ** SetUpDesignDay: Entered DesignDay Barometric Pressure=81198 differs by more than 10% from Standard Barometric Pressure=98934.
   **   ~~~   ** ...occurs in DesignDay=DENVER CENTENNIAL  GOLDEN   N ANN HTG 99% CONDNS DB, Standard Pressure (based on elevation) will be used.
   ** Warning ** GetShadowingInput: DetailedSkyDiffuseModeling is chosen but not needed as either the shading transmittance for shading devices does not change throughout the year
   **   ~~~   **  or MinimalShadowing has been chosen.
   **   ~~~   ** Simulation should be set to use SimpleSkyDiffuseModeling, but is left at Detailed for simulation.
   **   ~~~   ** Choose SimpleSkyDiffuseModeling in the ShadowCalculation object to reduce computation time.
   ** Warning ** processShadowingInput: sunlit fraction schedule not found for ZN001:WALL001 when using ImportedShading.
   **   ~~~   ** These values are set to 1.0.
   ** Warning ** processShadowingInput: sunlit fraction schedule not found for ZN001:WALL002 when using ImportedShading.
   **   ~~~   ** These values are set to 1.0.
   ** Warning ** processShadowingInput: sunlit fraction schedule not found for ZN001:WALL003 when using ImportedShading.
   **   ~~~   ** These values are set to 1.0.
   ** Warning ** processShadowingInput: sunlit fraction schedule not found for ZN001:WALL004 when using ImportedShading.
   **   ~~~   ** These values are set to 1.0.
   ** Warning ** processShadowingInput: sunlit fraction schedule not found for ZN001:FLR001 when using ImportedShading.
   **   ~~~   ** These values are set to 1.0.
   ** Warning ** processShadowingInput: sunlit fraction schedule not found for ZN001:ROOF001 when using ImportedShading.
   **   ~~~   ** These values are set to 1.0.
   ** Warning ** SetUpDesignDay: Entered DesignDay Barometric Pressure=81198 differs by more than 10% from Standard Barometric Pressure=98934.
   **   ~~~   ** ...occurs in DesignDay=DENVER CENTENNIAL  GOLDEN   N ANN CLG 1% CONDNS DB=>MWB, Standard Pressure (based on elevation) will be used.
   ************* Testing Individual Branch Integrity
   ************* All Branches passed integrity testing
   ************* Testing Individual Supply Air Path Integrity
   ************* All Supply Air Paths passed integrity testing
   ************* Testing Individual Return Air Path Integrity
   ************* All Return Air Paths passed integrity testing
   ************* No node connection errors were found.
   ************* Beginning Simulation
   ** Warning ** Temperature out of range [-100. to 200.] (PsyPsatFnTemp)
   **   ~~~   **  Routine=PsyTwbFnTdbWPb, Environment=RUN PERIOD 1, at Simulation time=03/31 07:30 - 07:45
   **   ~~~   **  Input Temperature=-306.78
   ************* Simulation Error Summary *************
   ************* There are 6 unused schedules in input.
   ************* There are 2190 unused week schedules in input.
   ************* There are 2190 unused day schedules in input.
   ************* Use Output:Diagnostics,DisplayUnusedSchedules; to see them.
   *************
   ************* ===== Recurring Error Summary =====
   ************* The following recurring error messages occurred.
   *************
   *************  ** Warning ** Temperature out of range [-100. to 200.] (PsyPsatFnTemp)
   *************  **   ~~~   **   This error occurred 1 total times;
   *************  **   ~~~   **   during Warmup 0 times;
   *************  **   ~~~   **   during Sizing 0 times.
   *************  **   ~~~   **   Max=-306.780243 C  Min=-306.780243 C
   *************
   ************* EnergyPlus Warmup Error Summary. During Warmup: 0 Warning; 0 Severe Errors.
   ************* EnergyPlus Sizing Error Summary. During Sizing: 0 Warning; 0 Severe Errors.
   ************* EnergyPlus Completed Successfully-- 11 Warning; 0 Severe Errors; Elapsed Time=00hr 00min  2.13sec
