Program Version,EnergyPlus, Version 25.2.0-80222d7e5c, YMD=2025.11.10 11:42,
   ** Warning ** Weather file location will be used rather than entered (IDF) Location object.
   **   ~~~   ** ..Location object=DENVER CENTENNIAL  GOLDEN   N_CO_USA DESIGN_CONDITIONS
   **   ~~~   ** ..Weather File Location=Chicago Ohare Intl Ap IL USA TMY3 WMO#=725300
   **   ~~~   ** ..due to location differences, Latitude difference=[2.24] degrees, Longitude difference=[17.26] degrees.
   **   ~~~   ** ..Time Zone difference=[1.0] hour(s), Elevation difference=[89.01] percent, [1628.00] meters.
   ** Warning ** SetUpDesignDay: Entered DesignDay Barometric Pressure=81198 differs by more than 10% from Standard Barometric Pressure=98934.
   **   ~~~   ** ...occurs in DesignDay=DENVER CENTENNIAL  GOLDEN   N ANN HTG 99% CONDNS DB, Standard Pressure (based on elevation) will be used.
   ** Warning ** ShadowCalculation: invalid Shading Calculation Method
   **   ~~~   ** Value entered="IMPORTED" while no Schedule:File:Shading object is defined, InternalCalculation will be used.
   ** Warning ** GetShadowingInput: DetailedSkyDiffuseModeling is chosen but not needed as either the shading transmittance for shading devices does not change throughout the year
   **   ~~~   **  or MinimalShadowing has been chosen.
   **   ~~~   ** Simulation should be set to use SimpleSkyDiffuseModeling, but is left at Detailed for simulation.
   **   ~~~   ** Choose SimpleSkyDiffuseModeling in the ShadowCalculation object to reduce computation time.
   ** Warning ** SetUpDesignDay: Entered DesignDay Barometric Pressure=81198 differs by more than 10% from Standard Barometric Pressure=98934.
   **   ~~~   ** ...occurs in DesignDay=DENVER CENTENNIAL  GOLDEN   N ANN CLG 1% CONDNS DB=>MWB, Standard Pressure (based on elevation) will be used.
   ************* Testing Individual Branch Integrity
   ************* All Branches passed integrity testing
   ************* Testing Individual Supply Air Path Integrity
   ************* All Supply Air Paths passed integrity testing
   ************* Testing Individual Return Air Path Integrity
   ************* All Return Air Paths passed integrity testing
   ************* No node connection errors were found.
   ************* Beginning Simulation
   ************* Simulation Error Summary *************
   ************* EnergyPlus Warmup Error Summary. During Warmup: 0 Warning; 0 Severe Errors.
   ************* EnergyPlus Sizing Error Summary. During Sizing: 0 Warning; 0 Severe Errors.
   ************* EnergyPlus Completed Successfully-- 5 Warning; 0 Severe Errors; Elapsed Time=00hr 00min  1.14sec
